// Jest Snapshot v1, https://goo.gl/fbAQLP

exports[`Credit Card List Component  renders correctly 1`] = `ReactWrapper {}`;
